<html>
<body>
<pre>
<h1>礦ision3 Build Log</h1>
<h2>Project:</h2>
E:\ALIENTEK 光盘资料更新记录\ALIENTEK 开发板资料_20120719\程序源码\ALIENTEK MiniSTM32开发板例程-库函数版本\ALIENTEK MINISTM32 实验26 触控USB鼠标\USER\TouchUSBMouse.uv2
Project File Date:  03/09/2012

<h2>Output:</h2>
Build target 'Target 1'
compiling main.c...
compiling stm32f10x_it.c...
compiling system_stm32f10x.c...
compiling led.c...
compiling key.c...
compiling wdg.c...
compiling timer.c...
compiling pwm.c...
compiling lcd.c...
compiling wkup.c...
compiling adc.c...
compiling tsensor.c...
compiling myiic.c...
compiling 24cxx.c...
compiling spi.c...
compiling flash.c...
compiling touch.c...
compiling mmc_sd.c...
compiling delay.c...
compiling sys.c...
compiling usart.c...
compiling core_cm3.c...
assembling startup_stm32f10x_md.s...
compiling misc.c...
compiling stm32f10x_adc.c...
compiling stm32f10x_bkp.c...
compiling stm32f10x_can.c...
compiling stm32f10x_cec.c...
compiling stm32f10x_crc.c...
compiling stm32f10x_dac.c...
compiling stm32f10x_dbgmcu.c...
compiling stm32f10x_dma.c...
compiling stm32f10x_exti.c...
compiling stm32f10x_flash.c...
compiling stm32f10x_fsmc.c...
compiling stm32f10x_gpio.c...
compiling stm32f10x_i2c.c...
compiling stm32f10x_iwdg.c...
compiling stm32f10x_pwr.c...
compiling stm32f10x_rcc.c...
compiling stm32f10x_rtc.c...
compiling stm32f10x_sdio.c...
compiling stm32f10x_spi.c...
compiling stm32f10x_tim.c...
compiling stm32f10x_usart.c...
compiling stm32f10x_wwdg.c...
compiling exfuns.c...
compiling ff.c...
compiling diskio.c...
compiling mycc936.c...
compiling fontupd.c...
compiling text.c...
compiling hw_config.c...
compiling usb_desc.c...
compiling usb_istr.c...
compiling usb_prop.c...
compiling usb_pwr.c...
compiling usb_core.c...
compiling usb_init.c...
compiling usb_int.c...
compiling usb_mem.c...
compiling usb_regs.c...
compiling usb_sil.c...
linking...
Program Size: Code=31686 RO-data=3170 RW-data=352 ZI-data=1752  
FromELF: creating hex file...
"TouchUSBMouse.axf" - 0 Error(s), 0 Warning(s).
Load "E:\\ALIENTEK 光盘资料更新记录\\ALIENTEK 开发板资料_20120719\\程序源码\\ALIENTEK MiniSTM32开发板例程-库函数版本\\ALIENTEK MINISTM32 实验26 触控USB鼠标\\USER\\TouchUSBMouse.AXF" 

JLink info:
-----------
DLL: V4.08b, compiled Jun 30 2009 19:10:31
Firmware: J-Link ARM V8 compiled Sep 22 2011 16:23:23
Hardware: V8.00
S/N : 20101001 
Feature(s) : RDI,FlashDL,FlashBP,JFlash,GDBFull 
---
* JLink Info: TotalIRLen = ?, IRPrint = 0x..00000000000000580034000B00068001
**JLink Warning: No matching core found. Selecting default core (ARM7).
* JLink Info: TotalIRLen = ?, IRPrint = 0x..FFB1FFE87FFF5BFFB5FFEB7FF6BFFD5F
***JLink Error: Could not find supported CPU core on JTAG chain
Build target 'Target 1'
compiling touch.c...
linking...
Program Size: Code=31686 RO-data=3170 RW-data=352 ZI-data=1752  
FromELF: creating hex file...
"TouchUSBMouse.axf" - 0 Error(s), 0 Warning(s).
Load "E:\\ALIENTEK 光盘资料更新记录\\ALIENTEK 开发板资料_20120719\\程序源码\\ALIENTEK MiniSTM32开发板例程-库函数版本\\ALIENTEK MINISTM32 实验26 触控USB鼠标\\USER\\TouchUSBMouse.AXF" 

JLink info:
-----------
DLL: V4.08b, compiled Jun 30 2009 19:10:31
Firmware: J-Link ARM V8 compiled Sep 22 2011 16:23:23
Hardware: V8.00
S/N : 20101001 
Feature(s) : RDI,FlashDL,FlashBP,JFlash,GDBFull 
---
* JLink Info: Found SWD-DP with ID 0x1BA01477
* JLink Info: TPIU fitted.
* JLink Info:   FPUnit: 6 code (BP) slots and 2 literal slots

Target info:
------------
Device: STM32F103RB
VTarget = 3.293V
State of Pins: 
TCK: 0, TDI: 1, TDO: 1, TMS: 0, TRES: 1, TRST: 1
* JLink Info: Found SWD-DP with ID 0x1BA01477
* JLink Info: TPIU fitted.
* JLink Info:   FPUnit: 6 code (BP) slots and 2 literal slots
Hardware-Breakpoints: 6
Software-Breakpoints: 2048
Watchpoints:          4
JTAG speed: 9600 kHz
---
* JLink Info: Found SWD-DP with ID 0x1BA01477
* JLink Info: TPIU fitted.
* JLink Info:   FPUnit: 6 code (BP) slots and 2 literal slots
Erase Done.
Programming Done.
Verify OK.
* JLink Info: Found SWD-DP with ID 0x1BA01477
* JLink Info: TPIU fitted.
* JLink Info:   FPUnit: 6 code (BP) slots and 2 literal slots
Application running ...
